<?xml version="1.0" encoding="UTF-8"?>
<TestRun id="2e227c08-9387-4be4-9283-ba8640d2aa40" name="IgorNB@IGORNB-PC 2011-11-07 01:06:24" runUser="IgorNB-PC\IgorNB" xmlns="http://microsoft.com/schemas/VisualStudio/TeamTest/2010">
  <TestSettings name="Local" id="27f7cbb2-2391-46ed-93e5-459bf1a33da9">
    <Description>These are default test settings for a local test run.</Description>
    <Deployment enabled="false" runDeploymentRoot="IgorNB_IGORNB-PC 2011-11-07 01_06_24" />
    <Execution>
      <TestTypeSpecific />
      <AgentRule name="Execution Agents">
      </AgentRule>
    </Execution>
  </TestSettings>
  <Times creation="2011-11-07T01:06:24.1244543-02:00" queuing="2011-11-07T01:06:24.1324547-02:00" start="2011-11-07T01:06:24.1524559-02:00" finish="2011-11-07T01:06:24.3894694-02:00" />
  <ResultSummary outcome="Completed">
    <Counters total="1" executed="1" passed="1" error="0" failed="0" timeout="0" aborted="0" inconclusive="0" passedButRunAborted="0" notRunnable="0" notExecuted="0" disconnected="0" warning="0" completed="0" inProgress="0" pending="0" />
  </ResultSummary>
  <TestDefinitions>
    <UnitTest name="TestMethod1" storage="c:\users\igornb\dropbox\ciencia da computacao\lc\projeto_final_lc\projetofinaltest\bin\debug\projetofinaltest.dll" id="45f4152d-95a2-b891-a07f-86d98ccdecd7">
      <Execution id="604cd270-7c2a-4200-8ad8-b27bbfa175df" />
      <TestMethod codeBase="C:/Users/IgorNB/Dropbox/ciencia da computacao/LC/PROJETO_FINAL_LC/ProjetoFinalTest/bin/Debug/ProjetoFinalTest.DLL" adapterTypeName="Microsoft.VisualStudio.TestTools.TestTypes.Unit.UnitTestAdapter, Microsoft.VisualStudio.QualityTools.Tips.UnitTest.Adapter, Version=10.0.0.0, Culture=neutral, PublicKeyToken=b03f5f7f11d50a3a" className="ProjetoFinalTest.DurationInterfaceTest, ProjetoFinalTest, Version=1.0.0.0, Culture=neutral, PublicKeyToken=null" name="TestMethod1" />
    </UnitTest>
  </TestDefinitions>
  <TestLists>
    <TestList name="Results Not in a List" id="8c84fa94-04c1-424b-9868-57a2d4851a1d" />
    <TestList name="All Loaded Results" id="19431567-8539-422a-85d7-44ee4e166bda" />
  </TestLists>
  <TestEntries>
    <TestEntry testId="45f4152d-95a2-b891-a07f-86d98ccdecd7" executionId="604cd270-7c2a-4200-8ad8-b27bbfa175df" testListId="8c84fa94-04c1-424b-9868-57a2d4851a1d" />
  </TestEntries>
  <Results>
    <UnitTestResult executionId="604cd270-7c2a-4200-8ad8-b27bbfa175df" testId="45f4152d-95a2-b891-a07f-86d98ccdecd7" testName="TestMethod1" computerName="IGORNB-PC" duration="00:00:00.0127320" startTime="2011-11-07T01:06:24.1584562-02:00" endTime="2011-11-07T01:06:24.3704683-02:00" testType="13cdc9d9-ddb5-4fa4-a97d-d965ccfc6d4b" outcome="Passed" testListId="8c84fa94-04c1-424b-9868-57a2d4851a1d" relativeResultsDirectory="604cd270-7c2a-4200-8ad8-b27bbfa175df">
    </UnitTestResult>
  </Results>
</TestRun>